--- INICIANDO PRUEBA REAL DE API ---

Step 1: Login User 1...
Login exitoso (Token obtenido).

Step 2: User 1 creando hilo con User 2 (ID: 2)...
Hilo creado con ID: 1

Step 3: User 1 enviando mensaje...
Mensaje enviado exitosamente.

Step 4: Login User 2...
Step 5: User 2 listando hilos (Obteniendo unread_count inicial)...
Initial Unread Count: 5
Enviando otro mensaje para verificar incremento...
Consultando hilos nuevamente...
Final Unread Count: 5


!!! ERROR EN LA PRUEBA !!!
ERROR: El contador de no le├¡dos no increment├│ correctamente (Esperado: 6, Real: 5)
